
> se-backend@1.0.0 test
> jest --forceExit --passWithNoTests src/__tests__/controllers/aiInsightController.unit.test.ts src/__tests__/controllers/advisoryContentController.unit.test.ts

jest-haste-map: duplicate manual mock found: uuid
  The following files share their name; please delete one of them:
    * <rootDir>\dist\__tests__\__mocks__\uuid.js
    * <rootDir>\src\__tests__\__mocks__\uuid.ts

node.exe : ts-jest[config] 
(WARN) 
At line:1 char:1
+ & 
"C:\nvm4w\nodejs/node.exe" "C
:\nvm4w\nodejs/node_modules/n
pm/bin/np ...
+ ~~~~~~~~~~~~~~~~~~~~~~~~~~~
~~~~~~~~~~~~~~~~~~~~~~~~~~~~~
~~~~~~~~~~~~~
    + CategoryInfo           
   : NotSpecified: (ts-jest  
  [config] (WARN) :String)   
  [], RemoteException
    + FullyQualifiedErrorId  
   : NativeCommandError
 
    The "ts-jest" config 
option "isolatedModules" is 
deprecated and will be 
removed in v30.0.0. Please 
use "isolatedModules: true" 
in C:/Users/kanha/Documents/G
itHub/New folder/SE-Backend/t
sconfig.json instead, see htt
ps://www.typescriptlang.org/t
sconfig/#isolatedModules
  
ts-jest[config] (WARN) 
    The "ts-jest" config 
option "isolatedModules" is 
deprecated and will be 
removed in v30.0.0. Please 
use "isolatedModules: true" 
in C:/Users/kanha/Documents/G
itHub/New folder/SE-Backend/t
sconfig.json instead, see htt
ps://www.typescriptlang.org/t
sconfig/#isolatedModules
  
PASS src/__tests__/controller
s/aiInsightController.unit.te
st.ts
PASS src/__tests__/controller
s/advisoryContentController.u
nit.test.ts
-------------------------------------|---------|----------|---------|---------|------------------------------------------------------------
File                                 | % Stmts | % Branch | % Funcs | % Lines | Uncovered Line #s                                          
-------------------------------------|---------|----------|---------|---------|------------------------------------------------------------
All files                            |    2.11 |     2.16 |    2.28 |    1.91 |                                                            
 advisoryContentController.ts        |   54.21 |     42.3 |      50 |   52.05 | 27,41,71,80-98,113-117,146,155-174,183-209                 
 aiInsightController.ts              |   32.94 |    43.47 |   33.33 |   28.75 | 15-19,48-53,60-64,68-72,98,107-151,160-178,187-223,232-251 
 assetController.ts                  |       0 |        0 |       0 |       0 | 2-208                                                      
 auditLogController.ts               |       0 |        0 |       0 |       0 | 2-259                                                      
 authController.ts                   |       0 |        0 |       0 |       0 | 2-439                                                      
 bnplLoanController.ts               |       0 |        0 |       0 |       0 | 2-276                                                      
 chatController.ts                   |       0 |        0 |       0 |       0 | 2-97                                                       
 creditOfferController.ts            |       0 |        0 |       0 |       0 | 2-411                                                      
 cropListingController.ts            |       0 |        0 |       0 |       0 | 2-371                                                      
 disputeController.ts                |       0 |        0 |       0 |       0 | 2-337                                                      
 farmerCropController.ts             |       0 |        0 |       0 |       0 | 2-222                                                      
 farmerProfileAggregateController.ts |       0 |        0 |       0 |       0 | 2-130                                                      
 farmerProfileController.ts          |       0 |        0 |       0 |       0 | 2-220                                                      
 financialPartnerController.ts       |       0 |        0 |       0 |       0 | 2-212                                                      
 governmentSchemeController.ts       |       0 |        0 |       0 |       0 | 2-269                                                      
 logisticsProviderController.ts      |       0 |        0 |       0 |       0 | 2-407                                                      
 marketPriceController.ts            |       0 |        0 |       0 |       0 | 2-373                                                      
 negotiationController.ts            |       0 |        0 |       0 |       0 | 2-141                                                      
 notificationController.ts           |       0 |        0 |       0 |       0 | 2-353                                                      
 offerController.ts                  |       0 |        0 |       0 |       0 | 2-635                                                      
 orderController.ts                  |       0 |        0 |       0 |       0 | 2-508                                                      
 ratingReviewController.ts           |       0 |        0 |       0 |       0 | 2-367                                                      
 shipmentController.ts               |       0 |        0 |       0 |       0 | 2-470                                                      
 shipmentRequestController.ts        |       0 |        0 |       0 |       0 | 2-719                                                      
 storageFacilityController.ts        |       0 |        0 |       0 |       0 | 2-266                                                      
 telegramController.ts               |       0 |        0 |       0 |       0 | 2-92                                                       
 transactionController.ts            |       0 |        0 |       0 |       0 | 2-428                                                      
 userController.ts                   |       0 |        0 |       0 |       0 | 2-233                                                      
 vehicleController.ts                |       0 |        0 |       0 |       0 | 2-308                                                      
 walletController.ts                 |       0 |        0 |       0 |       0 | 2-279                                                      
 yieldHistoryController.ts           |       0 |        0 |       0 |       0 | 2-360                                                      
-------------------------------------|---------|----------|---------|---------|------------------------------------------------------------

Test Suites: 2 passed, 2 
total
Tests:       4 passed, 4 
total
Snapshots:   0 total
Time:        5.331 s
Ran all test suites matching 
src/__tests__/controllers/aiI
nsightController.unit.test.ts
|src/__tests__/controllers/ad
visoryContentController.unit.
test.ts.
Force exiting Jest: Have you 
considered using 
`--detectOpenHandles` to 
detect async operations that 
kept running after all tests 
finished?
